[03:59:02] [ServerMain/INFO]: [bootstrap] Running Java 25 (OpenJDK 64-Bit Server VM 25.0.4+7-1-24.04-Ubuntu; Ubuntu null) on Linux 6.8.0-1064-azure (amd64)
[03:59:02] [ServerMain/INFO]: [bootstrap] Loading Paper 26.2-121-main@a2a42c5 (2026-08-29T11:32:25Z) for Minecraft 26.2
[03:59:02] [ServerMain/INFO]: [PluginInitializerManager] Initializing plugins...
[03:59:03] [ServerMain/INFO]: [PluginInitializerManager] Initialized 0 plugins
[03:59:07] [DataConverter MCTypeRegistry init thread/INFO]: [ca.spottedleaf.dataconverter.minecraft.datatypes.MCTypeRegistry] Initialising converters for DataConverter...
[03:59:07] [ServerMain/INFO]: Environment: Environment[sessionHost=https://sessionserver.mojang.com, servicesHost=https://api.minecraftservices.com, profilesHost=https://api.mojang.com, name=PROD]
[03:59:08] [DataConverter MCTypeRegistry init thread/INFO]: [ca.spottedleaf.dataconverter.minecraft.datatypes.MCTypeRegistry] Finished initialising converters for DataConverter in 592.7ms
[03:59:09] [ServerMain/INFO]: Loaded 1585 recipes
[03:59:09] [ServerMain/INFO]: Loaded 1688 advancements
[03:59:10] [Server thread/INFO]: Starting minecraft server version 26.2
[03:59:10] [Server thread/INFO]: Loading properties
[03:59:11] [Server thread/INFO]: This server is running Paper version 26.2-121-main@a2a42c5 (2026-08-29T11:32:25Z) (Implementing API version 26.2.build.121-stable)
[03:59:11] [Server thread/INFO]: [spark] This server bundles the spark profiler. For more information please visit https://docs.papermc.io/paper/profiling
[03:59:11] [Server thread/INFO]: Server Ping Player Sample Count: 12
[03:59:11] [Server thread/INFO]: Using 4 threads for Netty based IO
[03:59:12] [Server thread/INFO]: [MoonriseCommon] Paper is using 1 worker threads, 1 I/O threads
[03:59:12] [Server thread/INFO]: Default game type: SURVIVAL
[03:59:12] [Server thread/INFO]: Generating keypair
[03:59:12] [Server thread/INFO]: Starting Minecraft server on *:25565
[03:59:13] [Server thread/INFO]: Paper: Using libdeflate (Linux x86_64) compression from Velocity.
[03:59:13] [Server thread/INFO]: Paper: Using OpenSSL 3.x.x (Linux x86_64) cipher from Velocity.
[03:59:13] [Server thread/WARN]: **** SERVER IS RUNNING IN OFFLINE/INSECURE MODE!
[03:59:13] [Server thread/WARN]: The server will make no attempt to authenticate usernames. Beware.
[03:59:13] [Server thread/WARN]: While this makes the game possible to play without internet access, it also opens up the ability for hackers to connect with any username they choose.
[03:59:13] [Server thread/WARN]: To change this, set "online-mode" to "true" in the server.properties file.
[03:59:13] [Server thread/INFO]: Preparing level "world"
[03:59:13] [Server thread/INFO]: Loading 0 persistent chunks for level 'minecraft:overworld'...
[03:59:13] [Server thread/INFO]: Preparing spawn area: 100%
[03:59:13] [Server thread/INFO]: Prepared spawn area in 1 ms
[03:59:13] [Server thread/INFO]: Loading 0 persistent chunks for level 'minecraft:the_nether'...
[03:59:13] [Server thread/INFO]: Prepared spawn area in 0 ms
[03:59:13] [Server thread/INFO]: Loading 0 persistent chunks for level 'minecraft:the_end'...
[03:59:13] [Server thread/INFO]: Prepared spawn area in 1 ms
[03:59:13] [Server thread/INFO]: Done preparing level "world" (0.447s)
[03:59:13] [Server thread/INFO]: [spark] Starting background profiler...
[03:59:14] [Server thread/INFO]: Saving chunks for level 'ServerLevel[world]'/minecraft:overworld
[03:59:14] [Server thread/INFO]: Saving chunks for level 'ServerLevel[world]'/minecraft:the_nether
[03:59:14] [Server thread/INFO]: Saving chunks for level 'ServerLevel[world]'/minecraft:the_end
[03:59:14] [Server thread/INFO]: ThreadedAnvilChunkStorage (world): All chunks are saved
[03:59:14] [Server thread/INFO]: ThreadedAnvilChunkStorage (DIM-1): All chunks are saved
[03:59:14] [Server thread/INFO]: ThreadedAnvilChunkStorage (DIM1): All chunks are saved
[03:59:14] [Server thread/INFO]: ThreadedAnvilChunkStorage: All dimensions are saved
[03:59:14] [Server thread/INFO]: Running delayed init tasks
[03:59:14] [Server thread/INFO]: Done (12.679s)! For help, type "help"
[03:59:14] [Paper Async Task Handler Thread - 1/INFO]: *** Currently you are 2 builds behind ***
[03:59:14] [Paper Async Task Handler Thread - 1/INFO]: *** It is highly recommended to download the latest build from https://papermc.io/downloads/paper ***
[04:00:44] [User Authenticator #0/INFO]: UUID of player FarinkFX is 38698e13-203f-31b9-b416-ebb1e0c31700
[04:00:46] [Server thread/INFO]: FarinkFX joined the game
[04:00:46] [Server thread/INFO]: FarinkFX[/127.165.120.171:36737] logged in with entity id 23 at ([minecraft:overworld]-854.4597739279826, -8.0, -4.411095609177759)
[04:00:48] [Server thread/WARN]: [ca.spottedleaf.moonrise.patches.chunk_system.level.entity.EntityLookup] Entity uuid already exists: 3abe6d87-d170-4b1b-a0a0-742f8d6a597e, mapped to Spider['Spider'/75, uuid='3abe6d87-d170-4b1b-a0a0-742f8d6a597e', l='ServerLevel[world]', x=-869.09, y=20.75, z=76.00, cpos=[-55, 4], tl=0, v=true], can't add Spider['Spider'/104, uuid='3abe6d87-d170-4b1b-a0a0-742f8d6a597e', l='ServerLevel[world]', x=-874.62, y=22.00, z=83.74, cpos=[-55, 5], tl=0, v=false]
[04:00:51] [Server thread/WARN]: [ca.spottedleaf.moonrise.patches.chunk_system.level.entity.EntityLookup] Entity uuid already exists: 53c2d49b-7cc0-418b-826e-1df558938b13, mapped to EnderMan['Enderman'/267, uuid='53c2d49b-7cc0-418b-826e-1df558938b13', l='ServerLevel[world]', x=-718.26, y=-2.00, z=108.26, cpos=[-45, 6], tl=0, v=true], can't add EnderMan['Enderman'/278, uuid='53c2d49b-7cc0-418b-826e-1df558938b13', l='ServerLevel[world]', x=-712.72, y=-5.00, z=116.31, cpos=[-45, 7], tl=0, v=false]
[04:00:52] [Server thread/WARN]: [ca.spottedleaf.moonrise.patches.chunk_system.level.entity.EntityLookup] Entity uuid already exists: 3f964e54-8a16-4dbe-9cf6-f6b453d12365, mapped to Bat['Bat'/300, uuid='3f964e54-8a16-4dbe-9cf6-f6b453d12365', l='ServerLevel[world]', x=-752.50, y=6.00, z=-185.46, cpos=[-48, -12], tl=0, v=true], can't add Bat['Bat'/317, uuid='3f964e54-8a16-4dbe-9cf6-f6b453d12365', l='ServerLevel[world]', x=-751.81, y=5.04, z=-189.34, cpos=[-47, -12], tl=0, v=false]
[04:01:09] [User Authenticator #1/INFO]: UUID of player milepro is 52ed9035-d9a5-339b-b93c-4790e0c4eef5
[04:01:11] [Server thread/INFO]: milepro joined the game
[04:01:11] [Server thread/INFO]: milepro[/127.111.26.28:36289] logged in with entity id 371 at ([minecraft:overworld]-793.9039609998146, -31.0, -160.5790347806445)
[04:01:13] [Server thread/WARN]: [ca.spottedleaf.moonrise.patches.chunk_system.level.entity.EntityLookup] Entity uuid already exists: 27b3b21c-9b84-4ac7-bf5a-d79c600abac3, mapped to Bee['Bee'/425, uuid='27b3b21c-9b84-4ac7-bf5a-d79c600abac3', l='ServerLevel[world]', x=-688.72, y=81.00, z=-253.72, cpos=[-44, -16], tl=0, v=true], can't add Bee['Bee'/429, uuid='27b3b21c-9b84-4ac7-bf5a-d79c600abac3', l='ServerLevel[world]', x=-701.16, y=73.54, z=-257.39, cpos=[-44, -17], tl=0, v=false]
[04:02:03] [Server thread/INFO]: milepro has made the advancement [Diamonds!]
[04:06:24] [Server thread/INFO]: milepro was slain by Zombie
[04:07:10] [Server thread/INFO]: milepro issued server command: /tp FarinkFX
[04:07:10] [Server thread/INFO]: [milepro: Teleported milepro to FarinkFX]
[04:09:27] [Server thread/INFO]: milepro issued server command: /tp milepro
[04:09:27] [Server thread/INFO]: [milepro: Teleported milepro to milepro]
[04:18:05] [Server thread/INFO]: FarinkFX has made the advancement [Best Friends Forever]
[04:21:39] [Server thread/INFO]: FarinkFX issued server command: /tp milepro
[04:21:39] [Server thread/INFO]: [FarinkFX: Teleported FarinkFX to milepro]
